nanami@Nanamis-MBP ~ % cd desktop
nanami@Nanamis-MBP desktop % cd 99bobs
nanami@Nanamis-MBP 99bobs % echo "# 99 bobs" >> README.md
nanami@Nanamis-MBP 99bobs % git init 
hint: Using 'master' as the name for the initial branch. This default branch name
hint: is subject to change. To configure the initial branch name to use in all
hint: of your new repositories, which will suppress this warning, call:
hint: 
hint: 	git config --global init.defaultBranch <name>
hint: 
hint: Names commonly chosen instead of 'master' are 'main', 'trunk' and
hint: 'development'. The just-created branch can be renamed via this command:
hint: 
hint: 	git branch -m <name>
Initialized empty Git repository in /Users/nanami/Desktop/99bobs/.git/
nanami@Nanamis-MBP 99bobs % git add README.md
nanami@Nanamis-MBP 99bobs % git commit -m "initial"
[master (root-commit) d104b90] initial
 1 file changed, 1 insertion(+)
 create mode 100644 README.md
nanami@Nanamis-MBP 99bobs % git branch -M main
nanami@Nanamis-MBP 99bobs % git remote add origin https://github.com/nakimoto/99bobs.git
nanami@Nanamis-MBP 99bobs % git push -u origin main
Enumerating objects: 3, done.
Counting objects: 100% (3/3), done.
Writing objects: 100% (3/3), 214 bytes | 214.00 KiB/s, done.
Total 3 (delta 0), reused 0 (delta 0), pack-reused 0
To https://github.com/nakimoto/99bobs.git
 * [new branch]      main -> main
branch 'main' set up to track 'origin/main'.
nanami@Nanamis-MBP 99bobs % git add 99bottles.py
nanami@Nanamis-MBP 99bobs % git commit -m "99 bottles python code"
[main 1673236] 99 bottles python code
 1 file changed, 18 insertions(+)
 create mode 100644 99bottles.py
nanami@Nanamis-MBP 99bobs % git push
Enumerating objects: 4, done.
Counting objects: 100% (4/4), done.
Delta compression using up to 16 threads
Compressing objects: 100% (3/3), done.
Writing objects: 100% (3/3), 624 bytes | 624.00 KiB/s, done.
Total 3 (delta 0), reused 0 (delta 0), pack-reused 0
To https://github.com/nakimoto/99bobs.git
   d104b90..1673236  main -> main
nanami@Nanamis-MBP 99bobs % git log -p
commit 16732362a7f814b4e2e52edbf23530a6789a4bb7 (HEAD -> main, origin/main)
Author: nakimoto <nkimoto@hawaii.edu>
Date:   Mon May 9 21:45:31 2022 -1000

    99 bottles python code

diff --git a/99bottles.py b/99bottles.py
new file mode 100644
index 0000000..6fb511c
--- /dev/null
+++ b/99bottles.py
@@ -0,0 +1,18 @@
+"""
+@author Nanami Kimoto
+@date 05.09.22
+@purpose 
+Print the lyrics to 99 bottles of beer on the wall in python
+@for The Mom Project (technical take home project)
+"""
+
+beerBottles = 99 # setting beerBottles to 99 because we start out with 99 bottles of beer
+while beerBottles > 0: # while beer bottles is greater than 0, do the following
+# print song lyrics
+# new line for eahc lyric after beerBottles is used
+   print(beerBottles, "bottles of beer on the wall")
+   print(beerBottles,"bottles of beer")
+   print("Take one down, pass it around")
+   beerBottles = beerBottles - 1 #eveyrtime you take one down, subtract 1 from beerBottles
+   print(beerBottles,"bottles of beer on the wall") #new amount of beerBottles is printed
+

commit d104b9023388f0fe8097a59cd217c7a3ad3a8f2e
Author: nakimoto <nkimoto@hawaii.edu>
Date:   Mon May 9 21:43:49 2022 -1000

    initial

diff --git a/README.md b/README.md
new file mode 100644
index 0000000..49543e4
--- /dev/null
+++ b/README.md
@@ -0,0 +1 @@
+# 99 bobs
